2026-03-01 15:30:17,237 - ERROR - ERROR
Traceback (most recent call last):
  File "/home/ricaedo/M2x/tests/conftest.py", line 43, in tools
    func(*agrs,**kwargs)
  File "/home/ricaedo/M2x/tests/test_Converter/test_md_to_word.py", line 6, in test_md2word
    raise TimeoutError("this just a test for test.log")
TimeoutError: this just a test for test.log
